this is test



OK,I know this!!!
